1 - --- -, ---- --:--:-- -M org.eclipse.emf.mwe.core.WorkflowRunner prepare
1 - INFO: --------------------------------------------------------------------------------------
1 - --- -, ---- --:--:-- -M org.eclipse.emf.mwe.core.WorkflowRunner prepare
1 - INFO: EMF Modeling Workflow Engine 1.0.0, Build v201008251122
1 - --- -, ---- --:--:-- -M org.eclipse.emf.mwe.core.WorkflowRunner prepare
1 - INFO: (c) 2005-2009 openarchitectureware.org and contributors
1 - --- -, ---- --:--:-- -M org.eclipse.emf.mwe.core.WorkflowRunner prepare
1 - INFO: --------------------------------------------------------------------------------------
1 - --- -, ---- --:--:-- -M org.eclipse.emf.mwe.core.WorkflowRunner prepare
1 - INFO: running workflow: ../src/complwf.mwe
1 - --- -, ---- --:--:-- -M org.eclipse.emf.mwe.core.WorkflowRunner prepare
1 - INFO: 
1 - --- -, ---- --:--:-- -M org.eclipse.emf.mwe.utils.StandaloneSetup setPlatformUri
1 - INFO: Registering platform uri '/diska/home/almadev/MODULES/SCXMLCG'
1 - --- -, ---- --:--:-- -M org.eclipse.emf.mwe.core.container.CompositeComponent internalInvoke
1 - INFO: Reader: Loading model from platform:/resource/src/models/13/model.uml
1 - --- -, ---- --:--:-- -M org.eclipse.emf.mwe.core.container.CompositeComponent internalInvoke
1 - INFO: DirectoryCleaner(dirCleaner): cleaning directory 'src-gen'
1 - --- -, ---- --:--:-- -M org.eclipse.emf.mwe.core.container.CompositeComponent internalInvoke
1 - INFO: Generator: generating 'templates::Root2::Root FOR mymodel' => ../src-gen
1 - --- -, ---- --:--:-- -M org.eclipse.xtend.typesystem.xsd.XMLBeautifier beforeWriteAndClose
1 - INFO: Beautifying 'file:/...//diska/home/almadev/MODULES/SCXMLCG/src/../src-gen/model.scxml'
1 - --- -, ---- --:--:-- -M org.eclipse.xpand2.Generator invokeInternal2
1 - INFO: Written 1 files to outlet [default](../src-gen)
1 - --- -, ---- --:--:-- -M org.eclipse.emf.mwe.core.WorkflowRunner executeWorkflow
1 - INFO: workflow completed in -----ms!
1 - <?xml version="1.0" encoding="UTF-8"?>
1 - <scxml
1 -     xmlns="http://www.w3.org/2005/07/scxml" version="1.0"
1 -     initial="State1">
1 -   <state id="State1">
1 -     <transition event="internalEvent">
1 -       <log expr="'waiting'"/>
1 -     </transition>
1 -     <transition event="evSTOP" target="End"/>
1 -     <transition event="sigEv" cond="costName==true">
1 -       <log expr="'internalActivity'"/>
1 -     </transition>
1 -   </state>
1 -   <final id="End"/>
1 - </scxml>
