Application time: 0.7874220 seconds
Total time for which application threads were stopped: 0.0002610 seconds
Application time: 0.2211170 seconds
3.507: [Full GC (System) 3.507: [CMS: 0K->875K(49152K), 0.0690530 secs] 11868K->875K(63936K), [CMS Perm : 5357K->5351K(16384K)], 0.0692050 secs] [Times: user=0.03 sys=0.04, real=0.07 secs] 
Total time for which application threads were stopped: 0.1799880 seconds
Application time: 0.0001420 seconds
3.577: [GC [1 CMS-initial-mark: 875K(49152K)] 875K(63936K), 0.0004980 secs] [Times: user=0.00 sys=0.00, real=0.00 secs] 
Total time for which application threads were stopped: 0.0007510 seconds
3.578: [CMS-concurrent-mark-start]
Application time: 0.1056240 seconds
3.684: [Full GC (System) 3.684: [CMS3.711: [CMS-concurrent-mark: 0.027/0.134 secs] [Times: user=0.09 sys=0.04, real=0.13 secs] 
 (concurrent mode interrupted): 875K->1067K(49152K), 0.0705280 secs] 1886K->1067K(63936K), [CMS Perm : 5768K->5766K(16384K)], 0.0706600 secs] [Times: user=0.07 sys=0.00, real=0.07 secs] 
Total time for which application threads were stopped: 0.0712220 seconds
Application time: 0.9188770 seconds
4.674: [Full GC (System) 4.674: [CMS: 1067K->1414K(49152K), 0.0498420 secs] 2723K->1414K(63936K), [CMS Perm : 7180K->7176K(16384K)], 0.0500390 secs] [Times: user=0.05 sys=0.00, real=0.05 secs] 
Total time for which application threads were stopped: 0.0504690 seconds
Application time: 0.0001410 seconds
4.725: [GC [1 CMS-initial-mark: 1414K(49152K)] 1414K(63936K), 0.0003660 secs] [Times: user=0.00 sys=0.00, real=0.00 secs] 
Total time for which application threads were stopped: 0.0007480 seconds
4.725: [CMS-concurrent-mark-start]
Application time: 0.0007940 seconds
4.726: [Full GC (System) 4.726: [CMS4.758: [CMS-concurrent-mark: 0.031/0.032 secs] [Times: user=0.04 sys=0.00, real=0.03 secs] 
 (concurrent mode interrupted): 1414K->1399K(49152K), 0.0776840 secs] 1546K->1399K(63936K), [CMS Perm : 7176K->7176K(16384K)], 0.0778210 secs] [Times: user=0.08 sys=0.00, real=0.07 secs] 
Total time for which application threads were stopped: 0.0782390 seconds
Application time: 0.2136250 seconds
5.018: [Full GC (System) 5.018: [CMS: 1399K->1462K(49152K), 0.0455980 secs] 1797K->1462K(63936K), [CMS Perm : 7200K->7200K(16384K)], 0.0457340 secs] [Times: user=0.04 sys=0.00, real=0.04 secs] 
Total time for which application threads were stopped: 0.0461030 seconds
Application time: 0.0002430 seconds
5.064: [GC [1 CMS-initial-mark: 1462K(49152K)] 1462K(63936K), 0.0003690 secs] [Times: user=0.00 sys=0.00, real=0.00 secs] 
Total time for which application threads were stopped: 0.0007990 seconds
5.065: [CMS-concurrent-mark-start]
Application time: 0.0005630 seconds
5.065: [Full GC (System) 5.065: [CMS5.097: [CMS-concurrent-mark: 0.031/0.032 secs] [Times: user=0.03 sys=0.01, real=0.03 secs] 
 (concurrent mode interrupted): 1462K->1462K(49152K), 0.0762640 secs] 1594K->1462K(63936K), [CMS Perm : 7200K->7200K(16384K)], 0.0763980 secs] [Times: user=0.07 sys=0.01, real=0.07 secs] 
Total time for which application threads were stopped: 0.0767390 seconds
Application time: 0.0643010 seconds
5.207: [Full GC (System) 5.207: [CMS: 1462K->1451K(49152K), 0.0448370 secs] 1859K->1451K(63936K), [CMS Perm : 7205K->7205K(16384K)], 0.0449510 secs] [Times: user=0.04 sys=0.00, real=0.05 secs] 
Total time for which application threads were stopped: 0.0454010 seconds
Application time: 0.0018320 seconds
5.254: [GC [1 CMS-initial-mark: 1451K(49152K)] 1451K(63936K), 0.0004040 secs] [Times: user=0.00 sys=0.00, real=0.00 secs] 
Total time for which application threads were stopped: 0.0007940 seconds
5.254: [CMS-concurrent-mark-start]
Application time: 0.0005010 seconds
5.255: [Full GC (System) 5.255: [CMS5.287: [CMS-concurrent-mark: 0.032/0.032 secs] [Times: user=0.03 sys=0.01, real=0.03 secs] 
 (concurrent mode interrupted): 1451K->1451K(49152K), 0.0768790 secs] 1583K->1451K(63936K), [CMS Perm : 7205K->7205K(16384K)], 0.0770140 secs] [Times: user=0.07 sys=0.01, real=0.07 secs] 
Total time for which application threads were stopped: 0.0773510 seconds
Application time: 0.0557270 seconds
5.388: [Full GC (System) 5.388: [CMS: 1451K->1510K(49152K), 0.0453690 secs] 1849K->1510K(63936K), [CMS Perm : 7206K->7206K(16384K)], 0.0455000 secs] [Times: user=0.04 sys=0.00, real=0.04 secs] 
Total time for which application threads were stopped: 0.0459250 seconds
Application time: 0.0001750 seconds
5.434: [GC [1 CMS-initial-mark: 1510K(49152K)] 1510K(63936K), 0.0004350 secs] [Times: user=0.00 sys=0.00, real=0.00 secs] 
Total time for which application threads were stopped: 0.0007550 seconds
5.435: [CMS-concurrent-mark-start]
Application time: 0.0005440 seconds
5.435: [Full GC (System) 5.435: [CMS5.467: [CMS-concurrent-mark: 0.031/0.032 secs] [Times: user=0.03 sys=0.01, real=0.03 secs] 
 (concurrent mode interrupted): 1510K->1510K(49152K), 0.0782030 secs] 1642K->1510K(63936K), [CMS Perm : 7206K->7206K(16384K)], 0.0783420 secs] [Times: user=0.07 sys=0.01, real=0.08 secs] 
Total time for which application threads were stopped: 0.0786410 seconds
Application time: 0.0593770 seconds
5.573: [Full GC (System) 5.573: [CMS: 1510K->1512K(49152K), 0.0454880 secs] 1908K->1512K(63936K), [CMS Perm : 7209K->7209K(16384K)], 0.0455980 secs] [Times: user=0.05 sys=0.00, real=0.05 secs] 
Total time for which application threads were stopped: 0.0461500 seconds
Application time: 0.0002110 seconds
5.619: [GC [1 CMS-initial-mark: 1512K(49152K)] 1512K(63936K), 0.0003720 secs] [Times: user=0.00 sys=0.00, real=0.00 secs] 
Total time for which application threads were stopped: 0.0006900 seconds
5.620: [CMS-concurrent-mark-start]
Application time: 0.0007570 seconds
5.621: [Full GC (System) 5.621: [CMS5.652: [CMS-concurrent-mark: 0.031/0.032 secs] [Times: user=0.03 sys=0.00, real=0.03 secs] 
 (concurrent mode interrupted): 1512K->1511K(49152K), 0.0767380 secs] 1644K->1511K(63936K), [CMS Perm : 7209K->7209K(16384K)], 0.0768490 secs] [Times: user=0.08 sys=0.00, real=0.07 secs] 
Total time for which application threads were stopped: 0.0770730 seconds
Application time: 0.0900100 seconds
5.788: [Full GC (System) 5.788: [CMS: 1511K->1513K(49152K), 0.0448050 secs] 1910K->1513K(63936K), [CMS Perm : 7214K->7214K(16384K)], 0.0449430 secs] [Times: user=0.04 sys=0.00, real=0.04 secs] 
Total time for which application threads were stopped: 0.0452370 seconds
Application time: 0.0003380 seconds
5.833: [GC [1 CMS-initial-mark: 1513K(49152K)] 1513K(63936K), 0.0003760 secs] [Times: user=0.00 sys=0.00, real=0.00 secs] 
Total time for which application threads were stopped: 0.0007040 seconds
5.834: [CMS-concurrent-mark-start]
Application time: 0.0005640 seconds
5.835: [Full GC (System) 5.835: [CMS5.866: [CMS-concurrent-mark: 0.031/0.032 secs] [Times: user=0.03 sys=0.00, real=0.03 secs] 
 (concurrent mode interrupted): 1513K->1513K(49152K), 0.0763280 secs] 1645K->1513K(63936K), [CMS Perm : 7214K->7214K(16384K)], 0.0764320 secs] [Times: user=0.08 sys=0.00, real=0.08 secs] 
Total time for which application threads were stopped: 0.0767190 seconds
Application time: 0.0352110 seconds
5.947: [Full GC (System) 5.947: [CMS: 1513K->1457K(49152K), 0.0457700 secs] 1911K->1457K(63936K), [CMS Perm : 7217K->7217K(16384K)], 0.0458890 secs] [Times: user=0.04 sys=0.00, real=0.05 secs] 
Total time for which application threads were stopped: 0.0462020 seconds
Application time: 0.0002780 seconds
5.993: [GC [1 CMS-initial-mark: 1457K(49152K)] 1457K(63936K), 0.0004370 secs] [Times: user=0.00 sys=0.00, real=0.00 secs] 
Total time for which application threads were stopped: 0.0007580 seconds
5.994: [CMS-concurrent-mark-start]
Application time: 0.0005320 seconds
5.994: [Full GC (System) 5.994: [CMS6.026: [CMS-concurrent-mark: 0.031/0.032 secs] [Times: user=0.03 sys=0.00, real=0.03 secs] 
 (concurrent mode interrupted): 1457K->1457K(49152K), 0.0760880 secs] 1589K->1457K(63936K), [CMS Perm : 7217K->7217K(16384K)], 0.0762220 secs] [Times: user=0.08 sys=0.00, real=0.07 secs] 
Total time for which application threads were stopped: 0.0766090 seconds
Application time: 0.8970400 seconds
Total time for which application threads were stopped: 0.0003480 seconds
Application time: 12.2100950 seconds
19.178: [Full GC (System) 19.178: [CMS: 1457K->1455K(49152K), 0.0501440 secs] 1589K->1455K(63936K), [CMS Perm : 7217K->7217K(16384K)], 0.0502850 secs] [Times: user=0.04 sys=0.01, real=0.05 secs] 
Total time for which application threads were stopped: 0.0506220 seconds
Application time: 0.0003480 seconds
19.229: [GC [1 CMS-initial-mark: 1455K(49152K)] 1455K(63936K), 0.0003620 secs] [Times: user=0.00 sys=0.00, real=0.00 secs] 
Total time for which application threads were stopped: 0.0005220 seconds
19.230: [CMS-concurrent-mark-start]
Application time: 0.0006720 seconds
19.230: [Full GC (System) 19.230: [CMS19.263: [CMS-concurrent-mark: 0.032/0.033 secs] [Times: user=0.03 sys=0.00, real=0.03 secs] 
 (concurrent mode interrupted): 1455K->1456K(49152K), 0.0785170 secs] 1719K->1456K(63936K), [CMS Perm : 7217K->7217K(16384K)], 0.0786600 secs] [Times: user=0.08 sys=0.00, real=0.08 secs] 
Total time for which application threads were stopped: 0.0789020 seconds
Application time: 9.0613310 seconds
Total time for which application threads were stopped: 0.0001850 seconds
Application time: 0.0001480 seconds
Total time for which application threads were stopped: 0.0000950 seconds
Application time: 0.0000930 seconds
Total time for which application threads were stopped: 0.0000910 seconds
Application time: 0.0002050 seconds
Total time for which application threads were stopped: 0.0000930 seconds
Application time: 0.0000990 seconds
Total time for which application threads were stopped: 0.0000900 seconds
Application time: 0.0131420 seconds
28.385: [Full GC (System) 28.385: [CMS: 1456K->1474K(49152K), 0.0515550 secs] 2385K->1474K(63936K), [CMS Perm : 7279K->7279K(16384K)], 0.0516790 secs] [Times: user=0.06 sys=0.00, real=0.05 secs] 
Total time for which application threads were stopped: 0.0519520 seconds
Application time: 0.0116900 seconds
28.449: [GC [1 CMS-initial-mark: 1474K(49152K)] 1474K(63936K), 0.0004090 secs] [Times: user=0.00 sys=0.00, real=0.00 secs] 
Total time for which application threads were stopped: 0.0006630 seconds
28.449: [CMS-concurrent-mark-start]
Application time: 0.0001840 seconds
Total time for which application threads were stopped: 0.0000640 seconds
Application time: 0.0000780 seconds
Total time for which application threads were stopped: 0.0000560 seconds
Application time: 0.0004470 seconds
28.450: [Full GC (System) 28.450: [CMS28.483: [CMS-concurrent-mark: 0.033/0.034 secs] [Times: user=0.03 sys=0.00, real=0.03 secs] 
 (concurrent mode interrupted): 1474K->1474K(49152K), 0.0817630 secs] 1738K->1474K(63936K), [CMS Perm : 7279K->7279K(16384K)], 0.0818770 secs] [Times: user=0.07 sys=0.01, real=0.08 secs] 
Total time for which application threads were stopped: 0.0821680 seconds
Application time: 3.9610510 seconds
Total time for which application threads were stopped: 0.0001720 seconds
Application time: 0.0027310 seconds
Total time for which application threads were stopped: 0.0001490 seconds
Application time: 0.0000990 seconds
Total time for which application threads were stopped: 0.0000940 seconds
Application time: 0.6653690 seconds
Total time for which application threads were stopped: 0.0005400 seconds
Application time: 0.2030970 seconds
33.366: [Full GC (System) 33.366: [CMS: 1474K->1604K(49152K), 0.0773810 secs] 4145K->1604K(63936K), [CMS Perm : 7386K->7384K(16384K)], 0.0775340 secs] [Times: user=0.02 sys=0.05, real=0.08 secs] 
Total time for which application threads were stopped: 0.0778430 seconds
Application time: 0.0004100 seconds
33.444: [GC [1 CMS-initial-mark: 1604K(49152K)] 1604K(63936K), 0.0004660 secs] [Times: user=0.00 sys=0.00, real=0.00 secs] 
Total time for which application threads were stopped: 0.0006070 seconds
33.444: [CMS-concurrent-mark-start]
Application time: 0.0001730 seconds
Total time for which application threads were stopped: 0.0000610 seconds
Application time: 0.0000620 seconds
Total time for which application threads were stopped: 0.0000550 seconds
Application time: 0.0000610 seconds
Total time for which application threads were stopped: 0.0000550 seconds
Application time: 0.0000600 seconds
Total time for which application threads were stopped: 0.0000550 seconds
Application time: 0.0000600 seconds
Total time for which application threads were stopped: 0.0000550 seconds
Application time: 0.0000600 seconds
Total time for which application threads were stopped: 0.0000550 seconds
Application time: 0.0000610 seconds
Total time for which application threads were stopped: 0.0000550 seconds
Application time: 0.0000600 seconds
Total time for which application threads were stopped: 0.0004430 seconds
Application time: 0.0000730 seconds
Total time for which application threads were stopped: 0.0000550 seconds
Application time: 0.0000610 seconds
Total time for which application threads were stopped: 0.0000550 seconds
Application time: 0.0000600 seconds
Total time for which application threads were stopped: 0.0000550 seconds
Application time: 0.0000600 seconds
Total time for which application threads were stopped: 0.0000550 seconds
Application time: 0.0000590 seconds
Total time for which application threads were stopped: 0.0000550 seconds
Application time: 0.0001330 seconds
Total time for which application threads were stopped: 0.0000600 seconds
Application time: 0.0000640 seconds
Total time for which application threads were stopped: 0.0000560 seconds
Application time: 0.0000610 seconds
Total time for which application threads were stopped: 0.0000560 seconds
Application time: 0.0000610 seconds
Total time for which application threads were stopped: 0.0000960 seconds
Application time: 0.0005650 seconds
33.448: [Full GC (System) 33.448: [CMS33.480: [CMS-concurrent-mark: 0.032/0.036 secs] [Times: user=0.03 sys=0.01, real=0.03 secs] 
 (concurrent mode interrupted): 1604K->1597K(49152K), 0.0830060 secs] 1868K->1597K(63936K), [CMS Perm : 7384K->7384K(16384K)], 0.0831170 secs] [Times: user=0.08 sys=0.00, real=0.08 secs] 
Total time for which application threads were stopped: 0.0834470 seconds
Application time: 1.1969840 seconds
34.728: [Full GC (System) 34.728: [CMS: 1597K->1601K(49152K), 0.0581680 secs] 2127K->1601K(63936K), [CMS Perm : 7384K->7384K(16384K)], 0.0583070 secs] [Times: user=0.06 sys=0.00, real=0.05 secs] 
Total time for which application threads were stopped: 0.0587670 seconds
Application time: 0.0001340 seconds
34.787: [GC [1 CMS-initial-mark: 1601K(49152K)] 1601K(63936K), 0.0004010 secs] [Times: user=0.00 sys=0.00, real=0.00 secs] 
Total time for which application threads were stopped: 0.0007860 seconds
34.788: [CMS-concurrent-mark-start]
Application time: 0.0002170 seconds
Total time for which application threads were stopped: 0.0000620 seconds
Application time: 0.0000930 seconds
Total time for which application threads were stopped: 0.0000550 seconds
Application time: 0.0000680 seconds
Total time for which application threads were stopped: 0.0000550 seconds
Application time: 0.0000690 seconds
Total time for which application threads were stopped: 0.0000560 seconds
Application time: 0.0000600 seconds
Total time for which application threads were stopped: 0.0000550 seconds
Application time: 0.0004820 seconds
34.789: [Full GC (System) 34.789: [CMS34.822: [CMS-concurrent-mark: 0.032/0.034 secs] [Times: user=0.03 sys=0.00, real=0.03 secs] 
 (concurrent mode interrupted): 1601K->1600K(49152K), 0.0849960 secs] 1865K->1600K(63936K), [CMS Perm : 7384K->7384K(16384K)], 0.0851420 secs] [Times: user=0.08 sys=0.00, real=0.08 secs] 
Total time for which application threads were stopped: 0.0854390 seconds
Application time: 3.3213360 seconds
Total time for which application threads were stopped: 0.0001820 seconds
Application time: 0.0016200 seconds
Total time for which application threads were stopped: 0.0001340 seconds
Application time: 0.0000530 seconds
Total time for which application threads were stopped: 0.0000580 seconds
Application time: 0.0040060 seconds
38.202: [Full GC (System) 38.202: [CMS: 1600K->1613K(49152K), 0.0557840 secs] 2661K->1613K(63936K), [CMS Perm : 7385K->7384K(16384K)], 0.0559310 secs] [Times: user=0.05 sys=0.01, real=0.05 secs] 
Total time for which application threads were stopped: 0.0563500 seconds
Application time: 0.0007310 seconds
38.259: [Full GC (System) 38.259: [CMS: 1613K->1613K(49152K), 0.0499740 secs] 1876K->1613K(63936K), [CMS Perm : 7384K->7384K(16384K)], 0.0501170 secs] [Times: user=0.05 sys=0.00, real=0.05 secs] 
Total time for which application threads were stopped: 0.0503840 seconds
Application time: 0.0014220 seconds
Total time for which application threads were stopped: 0.0001690 seconds
Application time: 0.0002010 seconds
Total time for which application threads were stopped: 0.0001040 seconds
Application time: 0.0001860 seconds
Total time for which application threads were stopped: 0.0001020 seconds
Application time: 0.0001840 seconds
Total time for which application threads were stopped: 0.0001020 seconds
Application time: 0.0003660 seconds
38.312: [GC [1 CMS-initial-mark: 1613K(49152K)] 1876K(63936K), 0.0004080 secs] [Times: user=0.00 sys=0.00, real=0.00 secs] 
Total time for which application threads were stopped: 0.0005190 seconds
38.313: [CMS-concurrent-mark-start]
38.355: [CMS-concurrent-mark: 0.042/0.043 secs] [Times: user=0.03 sys=0.00, real=0.04 secs] 
38.355: [CMS-concurrent-preclean-start]
38.356: [CMS-concurrent-preclean: 0.000/0.001 secs] [Times: user=0.00 sys=0.01, real=0.00 secs] 
Application time: 0.0435760 seconds
38.356: [GC[YG occupancy: 263 K (14784 K)]38.356: [Rescan (non-parallel) 38.356: [grey object rescan, 0.0001570 secs]38.357: [root rescan, 0.0003970 secs], 0.0006010 secs]38.357: [weak refs processing, 0.0000120 secs] [1 CMS-remark: 1613K(49152K)] 1876K(63936K), 0.0006860 secs] [Times: user=0.00 sys=0.00, real=0.00 secs] 
Total time for which application threads were stopped: 0.0008350 seconds
Application time: 0.0001460 seconds
Total time for which application threads were stopped: 0.0000980 seconds
Application time: 0.0001200 seconds
Total time for which application threads were stopped: 0.0000910 seconds
38.358: [CMS-concurrent-sweep-start]
38.359: [CMS-concurrent-sweep: 0.001/0.002 secs] [Times: user=0.00 sys=0.00, real=0.00 secs] 
38.359: [CMS-concurrent-reset-start]
38.369: [CMS-concurrent-reset: 0.010/0.010 secs] [Times: user=0.01 sys=0.00, real=0.01 secs] 
Application time: 7.4075080 seconds
Total time for which application threads were stopped: 0.0002040 seconds
Application time: 1.9025850 seconds
Total time for which application threads were stopped: 0.0002190 seconds
Application time: 2.6276040 seconds
50.296: [Full GC (System) 50.296: [CMS: 1610K->1597K(49152K), 0.0528250 secs] 2273K->1597K(63936K), [CMS Perm : 7400K->7397K(16384K)], 0.0529800 secs] [Times: user=0.05 sys=0.00, real=0.05 secs] 
Total time for which application threads were stopped: 0.0533040 seconds
Application time: 0.0003350 seconds
50.406: [GC [1 CMS-initial-mark: 1597K(49152K)] 1861K(63936K), 0.0006890 secs] [Times: user=0.00 sys=0.00, real=0.00 secs] 
Total time for which application threads were stopped: 0.0570260 seconds
50.407: [CMS-concurrent-mark-start]
Application time: 0.0190110 seconds
Total time for which application threads were stopped: 0.0001200 seconds
50.439: [CMS-concurrent-mark: 0.033/0.033 secs] [Times: user=0.03 sys=0.00, real=0.04 secs] 
50.439: [CMS-concurrent-preclean-start]
50.440: [CMS-concurrent-preclean: 0.000/0.001 secs] [Times: user=0.00 sys=0.00, real=0.00 secs] 
Application time: 0.0141950 seconds
50.440: [GC[YG occupancy: 263 K (14784 K)]50.440: [Rescan (non-parallel) 50.440: [grey object rescan, 0.0001570 secs]50.440: [root rescan, 0.0004090 secs], 0.0006240 secs]50.441: [weak refs processing, 0.0000080 secs] [1 CMS-remark: 1597K(49152K)] 1861K(63936K), 0.0007300 secs] [Times: user=0.00 sys=0.00, real=0.00 secs] 
Total time for which application threads were stopped: 0.0009010 seconds
50.441: [CMS-concurrent-sweep-start]
50.443: [CMS-concurrent-sweep: 0.002/0.002 secs] [Times: user=0.00 sys=0.00, real=0.00 secs] 
50.443: [CMS-concurrent-reset-start]
Application time: 0.0047850 seconds
Total time for which application threads were stopped: 0.0001590 seconds
50.453: [CMS-concurrent-reset: 0.010/0.010 secs] [Times: user=0.01 sys=0.00, real=0.01 secs] 
Application time: 0.0071080 seconds
Total time for which application threads were stopped: 0.0002360 seconds
Application time: 0.0001120 seconds
Total time for which application threads were stopped: 0.0000920 seconds
Application time: 0.0001020 seconds
Total time for which application threads were stopped: 0.0000910 seconds
Application time: 0.0001020 seconds
Total time for which application threads were stopped: 0.0000900 seconds
Application time: 0.0000990 seconds
Total time for which application threads were stopped: 0.0000910 seconds
Application time: 0.0001010 seconds
Total time for which application threads were stopped: 0.0001680 seconds
Application time: 0.0002600 seconds
50.455: [Full GC (System) 50.455: [CMS: 1597K->1591K(49152K), 0.0511640 secs] 1861K->1591K(63936K), [CMS Perm : 7397K->7397K(16384K)], 0.0512920 secs] [Times: user=0.04 sys=0.02, real=0.05 secs] 
Total time for which application threads were stopped: 0.0516940 seconds
Application time: 0.0005520 seconds
50.507: [GC [1 CMS-initial-mark: 1591K(49152K)] 1855K(63936K), 0.0004490 secs] [Times: user=0.00 sys=0.00, real=0.00 secs] 
Total time for which application threads were stopped: 0.0005960 seconds
50.508: [CMS-concurrent-mark-start]
50.542: [CMS-concurrent-mark: 0.034/0.034 secs] [Times: user=0.03 sys=0.00, real=0.03 secs] 
50.542: [CMS-concurrent-preclean-start]
50.542: [CMS-concurrent-preclean: 0.000/0.000 secs] [Times: user=0.00 sys=0.00, real=0.00 secs] 
Application time: 0.0347340 seconds
50.543: [GC[YG occupancy: 263 K (14784 K)]50.543: [Rescan (non-parallel) 50.543: [grey object rescan, 0.0001580 secs]50.543: [root rescan, 0.0003790 secs], 0.0005820 secs]50.543: [weak refs processing, 0.0000090 secs] [1 CMS-remark: 1591K(49152K)] 1855K(63936K), 0.0006650 secs] [Times: user=0.00 sys=0.00, real=0.00 secs] 
Total time for which application threads were stopped: 0.0008620 seconds
50.543: [CMS-concurrent-sweep-start]
50.545: [CMS-concurrent-sweep: 0.002/0.002 secs] [Times: user=0.00 sys=0.01, real=0.00 secs] 
50.545: [CMS-concurrent-reset-start]
50.555: [CMS-concurrent-reset: 0.010/0.010 secs] [Times: user=0.00 sys=0.01, real=0.01 secs] 
Application time: 5.6494840 seconds
Total time for which application threads were stopped: 0.0001790 seconds
Application time: 0.0005020 seconds
Total time for which application threads were stopped: 0.0001130 seconds
Application time: 0.0001190 seconds
Total time for which application threads were stopped: 0.0000930 seconds
Application time: 0.0089600 seconds
Total time for which application threads were stopped: 0.0010890 seconds
Application time: 0.0007530 seconds
Total time for which application threads were stopped: 0.0001810 seconds
Application time: 0.0006760 seconds
Total time for which application threads were stopped: 0.0003460 seconds
Application time: 0.0003010 seconds
Total time for which application threads were stopped: 0.0000940 seconds
Application time: 0.0015380 seconds
Total time for which application threads were stopped: 0.0001230 seconds
Application time: 0.0173740 seconds
56.226: [GC [1 CMS-initial-mark: 1591K(49152K)] 3429K(63936K), 0.0005170 secs] [Times: user=0.00 sys=0.00, real=0.00 secs] 
Total time for which application threads were stopped: 0.0007170 seconds
56.226: [CMS-concurrent-mark-start]
56.259: [CMS-concurrent-mark: 0.033/0.033 secs] [Times: user=0.03 sys=0.00, real=0.03 secs] 
56.259: [CMS-concurrent-preclean-start]
56.261: [CMS-concurrent-preclean: 0.001/0.002 secs] [Times: user=0.00 sys=0.00, real=0.00 secs] 
Application time: 0.0347050 seconds
56.261: [GC[YG occupancy: 1837 K (14784 K)]56.261: [Rescan (non-parallel) 56.261: [grey object rescan, 0.0001580 secs]56.261: [root rescan, 0.0004200 secs], 0.0006240 secs]56.262: [weak refs processing, 0.0000240 secs] [1 CMS-remark: 1591K(49152K)] 3429K(63936K), 0.0007230 secs] [Times: user=0.00 sys=0.00, real=0.00 secs] 
Total time for which application threads were stopped: 0.0008800 seconds
56.262: [CMS-concurrent-sweep-start]
56.263: [CMS-concurrent-sweep: 0.002/0.002 secs] [Times: user=0.00 sys=0.00, real=0.01 secs] 
56.263: [CMS-concurrent-reset-start]
56.274: [CMS-concurrent-reset: 0.010/0.010 secs] [Times: user=0.01 sys=0.00, real=0.01 secs] 
Heap
 def new generation   total 14784K, used 2101K [0x90280000, 0x91280000, 0x91280000)
  eden space 13184K,  15% used [0x90280000, 0x9048d4a8, 0x90f60000)
  from space 1600K,   0% used [0x90f60000, 0x90f60000, 0x910f0000)
  to   space 1600K,   0% used [0x910f0000, 0x910f0000, 0x91280000)
 concurrent mark-sweep generation total 49152K, used 1563K [0x91280000, 0x94280000, 0xb0280000)
 concurrent-mark-sweep perm gen total 16384K, used 7417K [0xb0280000, 0xb1280000, 0xb4280000)
